// Vitest Snapshot v1, https://vitest.dev/guide/snapshot.html

exports[`Approximation Mode Tests > should demonstrate approximation with different settings 1`] = `
{
  "approximate": {
    "classes": [
      "w-4",
    ],
    "warnings": [
      "approximate mapping: 15px → w-4 (1px difference)",
    ],
  },
  "strict": {
    "classes": [
      "w-[15px]",
    ],
    "warnings": [
      "Used arbitrary value for 'width: 15px'",
    ],
  },
  "value": "15px",
}
`;

exports[`Approximation Mode Tests > should use arbitrary values in strict mode and approximate in approximate mode 1`] = `
{
  "approxResults": [
    {
      "classes": [
        "w-4",
      ],
      "expected": "w-4",
      "prop": "width",
      "value": "15px",
      "warnings": [
        "approximate mapping: 15px → w-4 (1px difference)",
      ],
    },
    {
      "classes": [
        "h-8",
      ],
      "expected": "h-8",
      "prop": "height",
      "value": "31px",
      "warnings": [
        "approximate mapping: 31px → h-8 (1px difference)",
      ],
    },
    {
      "classes": [
        "m-2",
      ],
      "expected": "m-2",
      "prop": "margin",
      "value": "7px",
      "warnings": [
        "approximate mapping: 7px → m-2 (1px difference)",
      ],
    },
    {
      "classes": [
        "p-6",
      ],
      "expected": "p-6",
      "prop": "padding",
      "value": "23px",
      "warnings": [
        "approximate mapping: 23px → p-6 (1px difference)",
      ],
    },
    {
      "classes": [
        "text-sm",
      ],
      "expected": "text-sm",
      "prop": "font-size",
      "value": "15px",
      "warnings": [
        "approximate mapping: 15px → text-sm (1px difference)",
      ],
    },
    {
      "classes": [
        "leading-normal",
      ],
      "expected": "leading-normal",
      "prop": "line-height",
      "value": "1.49",
      "warnings": [
        "approximate mapping: 1.49 → leading-normal (0.010000000000000009px difference)",
      ],
    },
  ],
  "strictResults": [
    {
      "classes": [
        "w-[15px]",
      ],
      "expected": "w-[15px]",
      "prop": "width",
      "value": "15px",
      "warnings": [
        "Used arbitrary value for 'width: 15px'",
      ],
    },
    {
      "classes": [
        "h-[31px]",
      ],
      "expected": "h-[31px]",
      "prop": "height",
      "value": "31px",
      "warnings": [
        "Used arbitrary value for 'height: 31px'",
      ],
    },
    {
      "classes": [
        "m-[7px]",
      ],
      "expected": "m-[7px]",
      "prop": "margin",
      "value": "7px",
      "warnings": [
        "Used arbitrary value for 'margin: 7px'",
      ],
    },
    {
      "classes": [
        "p-[23px]",
      ],
      "expected": "p-[23px]",
      "prop": "padding",
      "value": "23px",
      "warnings": [
        "Used arbitrary value for 'padding: 23px'",
      ],
    },
    {
      "classes": [
        "text-[15px]",
      ],
      "expected": "text-[15px]",
      "prop": "font-size",
      "value": "15px",
      "warnings": [
        "Used arbitrary value for 'font-size: 15px'",
      ],
    },
    {
      "classes": [
        "leading-[1.49]",
      ],
      "expected": "leading-[1.49]",
      "prop": "line-height",
      "value": "1.49",
      "warnings": [
        "Used arbitrary value for 'line-height: 1.49'",
      ],
    },
  ],
}
`;
